2026-09-04 23:55:47 0 [Note] Starting MariaDB 12.3.3-MariaDB source revision 83e909fc2a0dbc394b4b683fb3fa2d7dcf26cc5e server_uid EMBfogu9t5bsNZ0YKOhPJV3aXJg= as process 17768
2026-09-04 23:55:47 0 [Note] InnoDB: The first data file './ibdata1' did not exist. A new tablespace will be created!
2026-09-04 23:55:47 0 [Note] InnoDB: Compressed tables use zlib 1.3.2
2026-09-04 23:55:47 0 [Note] InnoDB: Number of transaction pools: 1
2026-09-04 23:55:47 0 [Note] InnoDB: Using crc32 + pclmulqdq instructions
2026-09-04 23:55:47 0 [Note] InnoDB: Using ThreadPool
2026-09-04 23:55:47 0 [Note] InnoDB: innodb_buffer_pool_size_max=8388608m, innodb_buffer_pool_size=21m
2026-09-04 23:55:47 0 [Note] InnoDB: Completed initialization of buffer pool
2026-09-04 23:55:47 0 [Note] InnoDB: Setting file './ibdata1' size to 12.000MiB. Physically writing the file full; Please wait ...
2026-09-04 23:55:47 0 [Note] InnoDB: File './ibdata1' size is now 12.000MiB.
2026-09-04 23:55:47 0 [Note] InnoDB: File system buffers for log disabled (block size=512 bytes)
2026-09-04 23:55:47 0 [Note] InnoDB: Data file .//undo001 did not exist: new to be created
2026-09-04 23:55:47 0 [Note] InnoDB: Setting file .//undo001 size to 10.000MiB
2026-09-04 23:55:47 0 [Note] InnoDB: Database physically writes the file full: wait...
2026-09-04 23:55:47 0 [Note] InnoDB: Data file .//undo002 did not exist: new to be created
2026-09-04 23:55:47 0 [Note] InnoDB: Setting file .//undo002 size to 10.000MiB
2026-09-04 23:55:47 0 [Note] InnoDB: Database physically writes the file full: wait...
2026-09-04 23:55:47 0 [Note] InnoDB: Data file .//undo003 did not exist: new to be created
2026-09-04 23:55:47 0 [Note] InnoDB: Setting file .//undo003 size to 10.000MiB
2026-09-04 23:55:47 0 [Note] InnoDB: Database physically writes the file full: wait...
2026-09-04 23:55:47 0 [Note] InnoDB: Doublewrite buffer not found: creating new
2026-09-04 23:55:47 0 [Note] InnoDB: Doublewrite buffer created
2026-09-04 23:55:47 0 [Note] InnoDB: Opened 3 undo tablespaces
2026-09-04 23:55:47 0 [Note] InnoDB: 128 rollback segments in 3 undo tablespaces are active.
2026-09-04 23:55:47 0 [Note] InnoDB: Setting file './ibtmp1' size to 12.000MiB. Physically writing the file full; Please wait ...
2026-09-04 23:55:47 0 [Note] InnoDB: File './ibtmp1' size is now 12.000MiB.
2026-09-04 23:55:47 0 [Note] InnoDB: log sequence number 0; transaction id 3
2026-09-04 23:55:47 0 [Note] Plugin 'FEEDBACK' is disabled.
2026-09-04 23:55:47 0 [Note] mysqld.exe: SSPI: using principal name 'localhost', mech 'Negotiate'
2026-09-05 15:28:18 0 [Note] Starting MariaDB 12.3.3-MariaDB source revision 83e909fc2a0dbc394b4b683fb3fa2d7dcf26cc5e server_uid EMBfogu9t5bsNZ0YKOhPJV3aXJg= as process 40420
2026-09-05 15:28:18 0 [ERROR] InnoDB: The data file './ibdata1' must be writable
2026-09-05 15:28:18 0 [ERROR] InnoDB: The data file './ibdata1' must be writable
2026-09-05 15:28:18 0 [ERROR] Plugin 'InnoDB' registration as a STORAGE ENGINE failed.
2026-09-05 15:28:18 0 [Note] Plugin 'FEEDBACK' is disabled.
2026-09-05 15:28:18 0 [Note] mariadbd.exe: SSPI: using principal name 'localhost', mech 'Negotiate'
2026-09-05 15:28:18 0 [ERROR] Unknown/unsupported storage engine: InnoDB
2026-09-05 15:28:18 0 [ERROR] Aborting
2026-09-14  8:27:06 0 [Note] Starting MariaDB 12.3.3-MariaDB source revision 83e909fc2a0dbc394b4b683fb3fa2d7dcf26cc5e server_uid EMBfogu9t5bsNZ0YKOhPJV3aXJg= as process 27764
2026-09-14  8:27:06 0 [Note] InnoDB: Compressed tables use zlib 1.3.2
2026-09-14  8:27:06 0 [Note] InnoDB: Number of transaction pools: 1
2026-09-14  8:27:06 0 [Note] InnoDB: Using crc32 + pclmulqdq instructions
2026-09-14  8:27:06 0 [Note] InnoDB: Using ThreadPool
2026-09-14  8:27:06 0 [Note] InnoDB: innodb_buffer_pool_size_max=8388608m, innodb_buffer_pool_size=128m
2026-09-14  8:27:06 0 [Note] InnoDB: Completed initialization of buffer pool
2026-09-14  8:27:06 0 [Note] InnoDB: File system buffers for log disabled (block size=512 bytes)
2026-09-14  8:27:06 0 [Note] InnoDB: Starting crash recovery from checkpoint LSN=45568
2026-09-14  8:27:06 0 [Note] InnoDB: End of log at LSN=1001978
2026-09-14  8:27:06 0 [Note] InnoDB: To recover: 435 pages
2026-09-14  8:27:06 0 [Note] InnoDB: Opened 3 undo tablespaces
2026-09-14  8:27:06 0 [Note] InnoDB: 128 rollback segments in 3 undo tablespaces are active.
2026-09-14  8:27:06 0 [Note] InnoDB: Removed temporary tablespace data file: "./ibtmp1"
2026-09-14  8:27:06 0 [Note] InnoDB: Setting file './ibtmp1' size to 12.000MiB. Physically writing the file full; Please wait ...
2026-09-14  8:27:06 0 [Note] InnoDB: File './ibtmp1' size is now 12.000MiB.
2026-09-14  8:27:06 0 [Note] InnoDB: log sequence number 1001978; transaction id 615
2026-09-14  8:27:06 0 [Note] Plugin 'FEEDBACK' is disabled.
2026-09-14  8:27:06 0 [Note] InnoDB: Loading buffer pool(s) from C:\Users\31310\Desktop\animal\.runtime\mysql\ib_buffer_pool
2026-09-14  8:27:06 0 [Note] mariadbd.exe: SSPI: using principal name 'localhost', mech 'Negotiate'
2026-09-14  8:27:06 0 [Note] InnoDB: Buffer pool(s) load completed at 260914  8:27:06
2026-09-14  8:27:06 0 [Note] Recovering after a crash using tc.log
2026-09-14  8:27:06 0 [Note] Starting table crash recovery...
2026-09-14  8:27:06 0 [Note] Crash table recovery finished.
2026-09-14  8:27:07 0 [Note] Server socket created on IP: '::', port: '3306'.
2026-09-14  8:27:07 0 [Note] Server socket created on IP: '0.0.0.0', port: '3306'.
2026-09-14  8:27:07 0 [Note] mariadbd.exe: Event Scheduler: Loaded 0 events
2026-09-14  8:27:07 0 [Note] C:\Program Files\MariaDB 12.3\bin\mariadbd.exe: ready for connections.
Version: '12.3.3-MariaDB'  socket: ''  port: 3306  MariaDB Server
